[1782919096.843][INFO]: Starting ChromeDriver 148.0.7778.178 (d096af1c9e98c45c3596e59620622b1a049bfecb-refs/branch-heads/7778@{#3196}) on port 51731
[1782919096.843][INFO]: Please see https://chromedriver.chromium.org/security-considerations for suggestions on keeping ChromeDriver safe.
[1782919096.857][INFO]: ChromeDriver was started successfully on port 51731
[1782919096.919][INFO]: [62b8e1836dba446b27d19a60025ebdae] COMMAND InitSession {
   "capabilities": {
      "alwaysMatch": {
         "browserName": "chrome",
         "browserVersion": null,
         "goog:chromeOptions": {
            "args": [ "--user-data-dir=/Users/sushil/Documents/GOODWE/.chrome-profiles/profile-bxvvk17v", "--no-first-run", "--no-default-browser-check", "--no-sandbox", "--disable-dev-shm-usage", "--headless=new", "--disable-gpu" ],
            "binary": "/Applications/Google Chrome.app/Contents/MacOS/Google Chrome",
            "extensions": [  ],
            "prefs": {
               "download.default_directory": "/Users/sushil/Documents/GOODWE/sems_downloads",
               "download.prompt_for_download": false
            }
         },
         "pageLoadStrategy": "normal"
      },
      "firstMatch": [ {
      } ]
   }
}
[1782919096.919][INFO]: Populating Preferences file: {
   "alternate_error_pages": {
      "enabled": false
   },
   "autofill": {
      "enabled": false
   },
   "browser": {
      "check_default_browser": false
   },
   "distribution": {
      "import_bookmarks": false,
      "import_history": false,
      "import_search_engine": false,
      "make_chrome_default_for_user": false,
      "skip_first_run_ui": true
   },
   "dns_prefetching": {
      "enabled": false
   },
   "download": {
      "default_directory": "/Users/sushil/Documents/GOODWE/sems_downloads",
      "prompt_for_download": false
   },
   "profile": {
      "content_settings": {
         "pattern_pairs": {
            "https://*,*": {
               "media-stream": {
                  "audio": "Default",
                  "video": "Default"
               }
            }
         }
      },
      "default_content_setting_values": {
         "geolocation": 1
      },
      "default_content_settings": {
         "geolocation": 1,
         "mouselock": 1,
         "notifications": 1,
         "popups": 1,
         "ppapi-broker": 1
      },
      "password_manager_enabled": false
   },
   "safebrowsing": {
      "enabled": false
   },
   "search": {
      "suggest_enabled": false
   },
   "translate": {
      "enabled": false
   }
}
[1782919096.919][INFO]: Populating Local State file: {
   "background_mode": {
      "enabled": false
   },
   "ssl": {
      "rev_checking": {
         "enabled": false
      }
   }
}
[1782919096.921][INFO]: ChromeDriver supports communication with Chrome via pipes. This is more reliable and more secure.
[1782919096.921][INFO]: Use the --remote-debugging-pipe Chrome switch instead of the default --remote-debugging-port to enable this communication mode.
[1782919096.921][INFO]: Launching chrome: /Applications/Google Chrome.app/Contents/MacOS/Google Chrome --allow-pre-commit-input --disable-background-networking --disable-background-timer-throttling --disable-backgrounding-occluded-windows --disable-client-side-phishing-detection --disable-default-apps --disable-dev-shm-usage --disable-features=IgnoreDuplicateNavs,Prewarm --disable-gpu --disable-hang-monitor --disable-popup-blocking --disable-prompt-on-repost --disable-sync --enable-automation --enable-logging=stderr --headless=new --log-level=0 --no-default-browser-check --no-first-run --no-sandbox --no-service-autorun --password-store=basic --remote-debugging-port=0 --test-type=webdriver --use-mock-keychain --user-data-dir=/Users/sushil/Documents/GOODWE/.chrome-profiles/profile-bxvvk17v
[1782919096.977][INFO]: [62b8e1836dba446b27d19a60025ebdae] RESPONSE InitSession ERROR session not created: Chrome instance exited. Examine ChromeDriver verbose log to determine the cause.
